[0m13:38:23.456510 [debug] [MainThread]: Sending event: {'category': 'dbt', 'action': 'invocation', 'label': 'start', 'context': [<snowplow_tracker.self_describing_json.SelfDescribingJson object at 0x000001928980EE90>, <snowplow_tracker.self_describing_json.SelfDescribingJson object at 0x000001928CD48590>, <snowplow_tracker.self_describing_json.SelfDescribingJson object at 0x0000019289807950>]}


============================== 13:38:23.461616 | f9325820-af1b-4326-99f6-71efa2da01eb ==============================
[0m13:38:23.461616 [info ] [MainThread]: Running with dbt=1.11.3
[0m13:38:23.463624 [debug] [MainThread]: running dbt with arguments {'static_parser': 'True', 'no_print': 'None', 'version_check': 'True', 'target_path': 'None', 'warn_error_options': 'WarnErrorOptionsV2(error=[], warn=[], silence=[])', 'printer_width': '80', 'write_json': 'True', 'empty': 'None', 'log_cache_events': 'False', 'introspect': 'True', 'cache_selected_only': 'False', 'fail_fast': 'False', 'debug': 'False', 'log_format': 'default', 'partial_parse': 'True', 'send_anonymous_usage_stats': 'True', 'quiet': 'False', 'warn_error': 'None', 'profiles_dir': 'C:\\Users\\Patron\\.dbt', 'use_colors': 'True', 'indirect_selection': 'eager', 'invocation_command': 'dbt init netflix', 'use_experimental_parser': 'False', 'log_path': 'logs'}
[0m13:38:23.480740 [info ] [MainThread]: Creating dbt configuration folder at C:\Users\Patron\.dbt
[0m13:38:23.483744 [debug] [MainThread]: Starter project path: C:\Users\Patron\Desktop\Netflix_DBT\venv\Lib\site-packages\dbt\include\starter_project
[0m13:38:23.565207 [info ] [MainThread]: 
Your new dbt project "netflix" was created!

For more information on how to configure the profiles.yml file,
please consult the dbt documentation here:

  https://docs.getdbt.com/docs/configure-your-profile

One more thing:

Need help? Don't hesitate to reach out to us via GitHub issues or on Slack:

  https://community.getdbt.com/

Happy modeling!

[0m13:38:23.566207 [info ] [MainThread]: Setting up your profile.
[0m13:42:03.827604 [info ] [MainThread]: Profile netflix written to C:\Users\Patron\.dbt\profiles.yml using target's profile_template.yml and your supplied values. Run 'dbt debug' to validate the connection.
[0m13:42:03.829774 [debug] [MainThread]: Command `dbt init` succeeded at 13:42:03.829774 after 220.45 seconds
[0m13:42:03.829774 [debug] [MainThread]: Sending event: {'category': 'dbt', 'action': 'invocation', 'label': 'end', 'context': [<snowplow_tracker.self_describing_json.SelfDescribingJson object at 0x000001928DFDF1D0>, <snowplow_tracker.self_describing_json.SelfDescribingJson object at 0x00000192865788D0>, <snowplow_tracker.self_describing_json.SelfDescribingJson object at 0x000001928C12DE10>]}
[0m13:42:03.830754 [debug] [MainThread]: Flushing usage events
[0m13:42:04.270858 [debug] [MainThread]: An error was encountered while trying to flush usage events
[0m17:20:01.295493 [debug] [MainThread]: Sending event: {'category': 'dbt', 'action': 'invocation', 'label': 'start', 'context': [<snowplow_tracker.self_describing_json.SelfDescribingJson object at 0x0000028372547B50>, <snowplow_tracker.self_describing_json.SelfDescribingJson object at 0x0000028375D3E2D0>, <snowplow_tracker.self_describing_json.SelfDescribingJson object at 0x0000028375D9A090>]}


============================== 17:20:01.319193 | 07dd1abc-8a51-4967-8dce-5d7e243ad26b ==============================
[0m17:20:01.319193 [info ] [MainThread]: Running with dbt=1.11.3
[0m17:20:01.322219 [debug] [MainThread]: running dbt with arguments {'static_parser': 'True', 'no_print': 'None', 'version_check': 'True', 'target_path': 'None', 'warn_error_options': 'WarnErrorOptionsV2(error=[], warn=[], silence=[])', 'printer_width': '80', 'write_json': 'True', 'empty': 'None', 'log_cache_events': 'False', 'introspect': 'True', 'cache_selected_only': 'False', 'log_format': 'default', 'debug': 'False', 'fail_fast': 'False', 'profiles_dir': 'C:\\Users\\Patron\\.dbt', 'send_anonymous_usage_stats': 'True', 'quiet': 'False', 'warn_error': 'None', 'partial_parse': 'True', 'use_colors': 'True', 'invocation_command': 'dbt init netflix', 'indirect_selection': 'eager', 'use_experimental_parser': 'False', 'log_path': 'logs'}
[0m17:20:01.411314 [info ] [MainThread]: A project called netflix already exists here.
[0m17:20:01.413030 [debug] [MainThread]: Command `dbt init` succeeded at 17:20:01.413030 after 0.30 seconds
[0m17:20:01.414030 [debug] [MainThread]: Sending event: {'category': 'dbt', 'action': 'invocation', 'label': 'end', 'context': [<snowplow_tracker.self_describing_json.SelfDescribingJson object at 0x000002836F374B50>, <snowplow_tracker.self_describing_json.SelfDescribingJson object at 0x0000028375D9A0D0>, <snowplow_tracker.self_describing_json.SelfDescribingJson object at 0x0000028375AD7DD0>]}
[0m17:20:01.414030 [debug] [MainThread]: Flushing usage events
[0m17:20:02.015264 [debug] [MainThread]: An error was encountered while trying to flush usage events
